[redegogames.itch.io/returngame.html]
[img.itch.zone/aW1nLzUwNTA3NzEuanBn/32x32#/S74DLK.jpg]
[backblue.gif]
[fade.gif]
[index.html]
[redegogames.itch.io/returngame/devlog.rss]
[static.itch.io/game703b.css]
[static.itch.io/lib.min703b.js]
[static.itch.io/bundle.min703b.js]
[static.itch.io/lib/jquery.maskMoney.js]
[static.itch.io/game.min703b.js]
[img.itch.zone/aW1nLzIzNDM3NzkucG5n/original/DuhYTj.png]
[redegogames.itch.io/returngame/devlog.html]
[img.itch.zone/aW1nLzQzMDk0NjguanBn/original/cNtczo.jpg]
[redegogames.itch.io/returngame/purchase.html]
[redegogames.itch.io/index.html]
[img.itch.zone/aW1nLzQzMDk0NzEuanBn/original/BPX4II.jpg]
[img.itch.zone/aW1nLzIzNDI4NDIucG5n/original/cwyQ/9.png]
[img.itch.zone/aW1nLzM1ODcxMDMuZ2lm/original/fjX1na.gif]
[img.itch.zone/aW1nLzIzNDM1MjAuZ2lm/original/Ih6aY8.gif]
[img.itch.zone/aW1nLzIzNDM0MzkuZ2lm/original/DGVJqM.gif]
[img.itch.zone/aW1nLzIzNDMwODEucG5n/original/2HPhSy.png]
[img.itch.zone/aW1nLzIzNDI4NDMucG5n/original/vTsTDR.png]
[img.itch.zone/aW1nLzIzNDM1NzAuZ2lm/original/I8VeQK.gif]
[img.itch.zone/aW1nLzIzNDM1NjUuZ2lm/original/9T0Xrx.gif]
[img.itch.zone/aW1nLzIzNDI5ODkucG5n/original/H/DD94.png]
[img.itch.zone/aW1nLzE1MTc1MDIucG5n/original/4aLs8V.png]
[img.itch.zone/aW1nLzIzNDI5OTEucG5n/original/tiR1oU.png]
[img.itch.zone/aW1nLzE1MTc1MDMucG5n/original/rQqov+.png]
[img.itch.zone/aW1nLzE1MTc1MDQucG5n/original/1oyF0f.png]
[img.itch.zone/aW1nLzE1MTc1MDUucG5n/original/3fK0hG.png]
[img.itch.zone/aW1nLzIzNDY5NDkucG5n/original/Z4fVna.png]
[redegogames.itch.io/returngame/devlog/263279/return-one-way-trip-is-available-for-purchuse.html]
[redegogames.itch.io/returngame/devlog/260206/return-one-way-trip-is-coming-to-itch.html]
[redegogames.itch.io/returngame/devlog/187221/return-one-way-trip-is-now-available-for-purchase-on-both-steam-and-xbox-one.html]
[redegogames.itch.io/returngame/devlog/182214/return-one-way-trip-is-out-on-october-14th-2020.html]
[redegogames.itch.io/returngame/devlog/153352/return-one-way-trip-2d-horror-adventure-heading-to-pc-and-consoles-sep-29-wishlist-the-game.html]
[redegogames.itch.io/returngame/devlog/93055/our-next-big-update-is-finally-here.html]
[redegogames.itch.io/returngame/devlog/54037/join-our-discord-server.html]
[redegogames.itch.io/returngame/comments3aa1.html]
[redegogames.itch.io/returngame/comments2054.html]
[redegogames.itch.io/static/images/frog.png]
[redegogames.itch.io/_/www.youtube.com/embed/2zpQSAxVZjs_]
[img.itch.zone/aW1nLzYzMzM1MzMuanBn/25x25#/2pkX2V.jpg]
[redegogames.itch.io/static/images/frog-cyan.png]
[img.itch.zone/aW1nLzE0NTg3NTAxLnBuZw==/25x25#/S9dDoo.png]
[img.itch.zone/aW1nLzEyNTMxNjIwLnBuZw==/25x25#/InMCEu.png]
[redegogames.itch.io/_/www.youtube.com/embed/1aCA1v9-Mho_]
[i.ytimg.com/vi/1aCA1v9-Mho/hqdefault.jpg]
[img.itch.zone/aW1nLzU3MDEwNjYuanBn/25x25#/qguWwg.jpg]
[img.itch.zone/aW1hZ2UyL3VzZXIvODg2Njg0LzE0NjI2MjEuanBn/25x25#/9qvpLs.jpg]
[img.itch.zone/aW1nLzQ0MDk1NDAucG5n/25x25#/ihBpUA.png]
[redegogames.itch.io/_/www.youtube.com/embed/BUK9EMIxotI_]
[i.ytimg.com/vi/BUK9EMIxotI/hqdefault.jpg]
[redegogames.itch.io/static/images/frog-blue.png]
[img.itch.zone/aW1nLzQ5MjE0NDUuanBlZw==/25x25#/xXqe1j.jpg]
[redegogames.itch.io/_/www.youtube.com/embed/_SHqaSVNnik_]
[i.ytimg.com/vi/_SHqaSVNnik/hqdefault.jpg]
[redegogames.itch.io/static/images/frog-red.png]
[redegogames.itch.io/static/images/frog-gold.png]
[img.itch.zone/aW1nLzE0Mzc3MzQ5LnBuZw==/25x25#/m+HAem.png]
[img.itch.zone/aW1nLzQ0NjU2ODQuanBlZw==/25x25#/GEPuw/.jpg]
[redegogames.itch.io/_/www.youtube.com/embed/4DTFklliFxo_]
[img.itch.zone/aW1nLzQxOTIxMDAucG5n/25x25#/tOB9Vy.png]
[redegogames.itch.io/_/www.youtube.com/embed/1-T9t4GrLQM_]
[i.ytimg.com/vi/1-T9t4GrLQM/hqdefault.jpg]
[img.itch.zone/aW1nLzIyMDIzMjEucG5n/25x25#/ywZW3a.png]
[img.itch.zone/aW1hZ2UyL3VzZXIvMzQ1NjIvNzI0MDA1LmpwZw==/25x25#/92zDeX.jpg]
[img.itch.zone/aW1nLzQ1ODU4NzYuanBlZw==/25x25#/oJheT3.jpg]
[img.itch.zone/aW1nLzQ2NzY1NzkuZ2lm/25x25#/dicqb/.gif]
[redegogames.itch.io/_/www.youtube.com/embed/LiF5b5vngzI_]
[i.ytimg.com/vi/LiF5b5vngzI/hqdefault.jpg]
[img.itch.zone/aW1hZ2UyL3VzZXIvMzQ0NDM3LzQ3MTk1Ny5wbmc=/25x25#/pnY4Xh.png]
[redegogames.itch.io/_/www.youtube.com/embed/HHzXTFY7Q0U_]
[i.ytimg.com/vi/HHzXTFY7Q0U/hqdefault.jpg]
[img.itch.zone/aW1nLzMxMDQ3ODEucG5n/25x25#/PF7qp8.png]
[redegogames.itch.io/_/www.youtube.com/embed/jbUTM9g7lR8_]
[i.ytimg.com/vi/jbUTM9g7lR8/hqdefault.jpg]
[img.itch.zone/aW1nLzIyODc0OTAucG5n/25x25#/rFODQX.png]
[img.itch.zone/aW1nLzMyNjcwNzcucG5n/25x25#/PdeoCw.png]
[redegogames.itch.io/_/www.youtube.com/embed/QyPG7CEsyes_]
[img.itch.zone/aW1nLzE5NjQ4NDcucG5n/25x25#/UdP2RE.png]
[img.itch.zone/aW1nLzI3Mzg0NjMucG5n/25x25#/kiOad6.png]
[img.itch.zone/aW1hZ2UvMTcwNjk4LzIzNDI5MTIucG5n/original/PhcCwD.png]
[img.itch.zone/aW1hZ2UvMTcwNjk4LzIzNDI5MTIucG5n/347x500/2ovQt3.png]
[img.itch.zone/aW1hZ2UvMTcwNjk4LzUwNTA3NzQuanBn/original/T0j2tf.jpg]
[img.itch.zone/aW1hZ2UvMTcwNjk4LzUwNTA3NzQuanBn/347x500/hM/KOW.jpg]
[img.itch.zone/aW1hZ2UvMTcwNjk4LzUwNTA3NzUuanBn/original/XkP4Ip.jpg]
[img.itch.zone/aW1hZ2UvMTcwNjk4LzUwNTA3NzUuanBn/347x500/UCEOLn.jpg]
[img.itch.zone/aW1hZ2UvMTcwNjk4LzUwNTA3NzcuanBn/347x500/1OYxbl.jpg]
[img.itch.zone/aW1hZ2UvMTcwNjk4LzUwNTA3NzguanBn/original/ZCt6oM.jpg]
[img.itch.zone/aW1hZ2UvMTcwNjk4LzUwNTA3NzguanBn/347x500/8u14a/.jpg]
[img.itch.zone/aW1hZ2UvMTcwNjk4LzUwNTA3NzYuanBn/original/3TrsqQ.jpg]
[img.itch.zone/aW1hZ2UvMTcwNjk4LzUwNTA3NzYuanBn/347x500/pSI8q7.jpg]
[img.itch.zone/aW1hZ2UvMTcwNjk4LzUwNTA3NzkuanBn/original/aIJBKd.jpg]
[img.itch.zone/aW1hZ2UvMTcwNjk4LzUwNTA3NzkuanBn/347x500/0Ucq5y.jpg]
[redegogames.itch.io/returngame.html]
[redegogames.itch.io/returngame/embed.json]
[static.itch.io/fonts/lato-v14-latin-regular.woff2]
[static.itch.io/fonts/lato-v14-latin-regular.woff]
[static.itch.io/fonts/lato-v14-latin-italic.woff2]
[static.itch.io/fonts/lato-v14-latin-italic.woff]
[static.itch.io/fonts/lato-v14-latin-700.woff2]
[static.itch.io/fonts/lato-v14-latin-700.woff]
[static.itch.io/fonts/lato-v14-latin-900.woff2]
[static.itch.io/fonts/lato-v14-latin-900.woff]
[static.itch.io/fonts/Lato-Regular.woff2]
[static.itch.io/fonts/Lato-Regular.woff]
[static.itch.io/fonts/Lato-Italic.woff2]
[static.itch.io/fonts/Lato-Italic.woff]
[static.itch.io/fonts/Lato-Bold.woff2]
[static.itch.io/fonts/Lato-Bold.woff]
[static.itch.io/fonts/Lato-Black.woff2]
[static.itch.io/fonts/Lato-Black.woff]
[static.itch.io/images/loader.gif]
[static.itch.io/images/loader-dark.gif]
[static.itch.io/images/loader-huge.gif]
[static.itch.io/images/cc-loader.gif]
[static.itch.io/images/play_icon.svg]
[static.itch.io/images/youtube_icon.svg]
[static.itch.io/images/twitch_logo.svg]
[static.itch.io/images/loading.svg]
[static.itch.io/images/popup-tick-right.png]
[static.itch.io/images/popup-tick-left.png]
[static.itch.io/fonts/04b03.eot]
[static.itch.io/fonts/04b03d41d.eot]
[static.itch.io/fonts/04b03.woff2]
[static.itch.io/fonts/04b03.woff]
[static.itch.io/fonts/04b03.ttf]
[static.itch.io/lib/farbtastic/wheel.png]
[static.itch.io/lib/farbtastic/mask.png]
[static.itch.io/lib/farbtastic/marker.png]
[static.itch.io/images/snowrepeat.svg]
[static.itch.io/icons/fonts/icomoon053c.eot]
[static.itch.io/icons/fonts/icomoon053c.ttf]
[static.itch.io/icons/fonts/icomoon053c.woff]
[static.itch.io/game703b.css]
[static.itch.io/lib.min703b.js]
[static.itch.io/icons/fonts/icomoon053c.svg]
[redegogames.itch.io/static/worker.min.js]
[www.google.com/recaptcha/apie757.js]
[connect.facebook.net/en_GB/sdk.js]
[platform.twitter.com/widgets.js]
[redegogames.itch.io/ca.gif]
[redegogames.itch.io/POST]
[static.itch.io/bundle.min703b.js]
[static.itch.io/lib/jquery.maskMoney.js]
[pagead2.googlesyndication.com/pagead/js/f.txt]
[static.itch.io/game.min703b.js]
[static.itch.io/user703b.css]
[static.itch.io/user.min703b.js]
[img.itch.zone/aW1nLzUwNTcwNzEuanBn/original/rj4mP0.jpg]
[redegogames.itch.io/return-comic.html]
[redegogames.itch.io/index.html]
[redegogames.itch.io/return-2.html]
[img.itch.zone/aW1nLzM2MjEyMzUucG5n/200x112#cm/YuG5Nj.png]
[img.itch.zone/aW1hZ2UvMTcwNjk4LzIzNDI5MTAucG5n/200x112#cm/juJzrs.png]
[img.itch.zone/aW1nLzE1OTgyMTkuanBn/200x112#cm/pSqCss.png]
[redegogames.itch.io/returngame/devlog.html]
[redegogames.itch.io/static/manifest.json]
[static.itch.io/popup703b.css]
[static.itch.io/checkout.min703b.js]
[redegogames.itch.io/returngame/'https_/img.itch.zone/aW1nLzUwNTA3NzEuanBn/315x250#c/fbXrDB.jpg']
[redegogames.itch.io/returngame/purchase.html]
[redegogames.itch.io/returngame/devlog/263279/return-one-way-trip-is-available-for-purchuse.html]
[redegogames.itch.io/returngame/devlog/260206/return-one-way-trip-is-coming-to-itch.html]
[redegogames.itch.io/returngame/devlog/187221/return-one-way-trip-is-now-available-for-purchase-on-both-steam-and-xbox-one.html]
[redegogames.itch.io/returngame/devlog/182214/return-one-way-trip-is-out-on-october-14th-2020.html]
[img.itch.zone/aW1nLzM2MjEzODEucG5n/500x/x9BK/S.png]
[redegogames.itch.io/returngame/devlog/153352/return-one-way-trip-2d-horror-adventure-heading-to-pc-and-consoles-sep-29-wishlist-the-game.html]
[img.itch.zone/aW1hZ2UvMTcwNjk4LzIzNDI5MTAucG5n/original/WHZltQ.png]
[img.itch.zone/aW1hZ2UvMTcwNjk4LzIzNDI5MTAucG5n/500x/r8RwOS.png]
[img.itch.zone/aW1nLzI1ODczOTUucG5n/25x25#/OddXwA.png]
[img.itch.zone/aW1nLzIzNjYwMzEucG5n/25x25#/rwWRk5.png]
[img.itch.zone/aW1nLzQ0MzMxODEuanBn/25x25#/ZLIQJZ.jpg]
[redegogames.itch.io/returngame/devlog/93055/our-next-big-update-is-finally-here.html]
[img.itch.zone/aW1hZ2UyL3VzZXIvOTQzNjA5LzEwMTIwMzEucG5n/25x25#/hgYu1I.png]
[redegogames.itch.io/returngame/devlog/54037/join-our-discord-server.html]
[redegogames.itch.io/returngame/comments6bd4.html]
[redegogames.itch.io/returngame/comments13ce.html]
[redegogames.itch.io/returngame/comments.html]
[redegogames.itch.io/returngame/_/www.youtube.com/embed/Pci-bvpx1a8_]
[i.ytimg.com/vi/Pci-bvpx1a8/hqdefault.jpg]
[img.itch.zone/aW1nLzEyMzY2NDY0LnBuZw==/25x25#/QkcVG8.png]
[redegogames.itch.io/returngame/_/www.youtube.com/embed/TqIkiWDr-5o_]
[i.ytimg.com/vi/TqIkiWDr-5o/hqdefault.jpg]
[img.itch.zone/aW1nLzM2ODY1NTcuanBn/25x25#/ANeg32.jpg]
[img.itch.zone/aW1nLzI2ODc5ODkuanBn/25x25#/X+Wpji.jpg]
[redegogames.itch.io/returngame/_/www.youtube.com/embed/PXztzpqDsLA_]
[i.ytimg.com/vi/PXztzpqDsLA/hqdefault.jpg]
[img.itch.zone/aW1nLzE0NjMzMTkxLnBuZw==/25x25#/G+OPH1.png]
[img.itch.zone/aW1nLzI0MDgzOTcuanBn/25x25#/MvX83z.jpg]
[redegogames.itch.io/returngame/_/www.youtube.com/embed/J8cEipmt450_]
[i.ytimg.com/vi/J8cEipmt450/hqdefault.jpg]
[redegogames.itch.io/returngame/_/www.youtube.com/embed/AgA6BQCgd4k_]
[i.ytimg.com/vi/AgA6BQCgd4k/hqdefault.jpg]
[img.itch.zone/aW1nLzg4OTQ4NTMuanBn/25x25#/uiEyow.jpg]
[img.itch.zone/aW1hZ2UyL3VzZXIvNjg2NjE5LzczODk2My5qcGc=/25x25#/FIsxvf.jpg]
[redegogames.itch.io/returngame/_/www.youtube.com/embed/dHxXIDId_Qg_]
[i.ytimg.com/vi/dHxXIDId_Qg/hqdefault.jpg]
[img.itch.zone/aW1nLzE3ODIyNzIuanBlZw==/25x25#/3yiKZP.jpg]
[redegogames.itch.io/returngame/_/www.youtube.com/embed/1f6Z-WtaMjM_]
[i.ytimg.com/vi/1f6Z-WtaMjM/hqdefault.jpg]
[redegogames.itch.io/returngame/_/www.youtube.com/embed/W_LlFgNHgM4_]
[i.ytimg.com/vi/W_LlFgNHgM4/hqdefault.jpg]
[redegogames.itch.io/returngame/_/www.youtube.com/embed/nnc47ypKVw8_]
[i.ytimg.com/vi/nnc47ypKVw8/hqdefault.jpg]
[img.itch.zone/aW1hZ2UyL3VzZXIvNjU3OTc5LzcxNzMxNC5qcGc=/25x25#/nsWsY9.jpg]
[redegogames.itch.io/returngame/_/www.youtube.com/embed/N5bAgs8LvCI_]
[i.ytimg.com/vi/N5bAgs8LvCI/hqdefault.jpg]
[redegogames.itch.io/returngame/_/www.youtube.com/embed/e6M7XkiXepQ_]
[i.ytimg.com/vi/e6M7XkiXepQ/hqdefault.jpg]
[img.itch.zone/aW1nLzc4MjE4NDIucG5n/25x25#/1hF3Z9.png]
[img.itch.zone/aW1nLzE2Nzk4OTMucG5n/25x25#/SdDVfj.png]
[img.itch.zone/aW1nLzM2ODUyODYucG5n/25x25#/BFCD57.png]
[img.itch.zone/aW1nLzE1NzIyOTAucG5n/25x25#/ST9VL1.png]
[redegogames.itch.io/returngame/_/www.youtube.com/embed/IodExbptuZY_]
[i.ytimg.com/vi/IodExbptuZY/hqdefault.jpg]
[img.itch.zone/aW1nLzE5OTk0ODQucG5n/25x25#/a55KAL.png]
[redegogames.itch.io/returngame/_/www.youtube.com/embed/6prVsTwOy2U_]
[i.ytimg.com/vi/6prVsTwOy2U/hqdefault.jpg]
[redegogames.itch.io/returngame/_/www.youtube.com/embed/lTCIwAalLJw_]
[i.ytimg.com/vi/lTCIwAalLJw/hqdefault.jpg]
[redegogames.itch.io/returngame/_/www.youtube.com/embed/mFE19vndphQ_]
[i.ytimg.com/vi/mFE19vndphQ/hqdefault.jpg]
[img.itch.zone/aW1nLzEwNTgwMDE4LnBuZw==/25x25#/l/iTmz.png]
[redegogames.itch.io/returngame/_/www.youtube.com/embed/cqUcBjw1VUo_]
[img.itch.zone/aW1hZ2UyL3VzZXIvOTk1NDU3LzEwODU4MzcuZ2lm/25x25#/H6nhhj.gif]
[img.itch.zone/aW1nLzEwOTIxMTgyLmdpZg==/25x25#/zsGABF.gif]
[redegogames.itch.io/returngame/comments3aa1.html]
[redegogames.itch.io/returngame/commentsb306.html]
[img.itch.zone/aW1hZ2UyL3VzZXIvNTYwMzYyLzE0NjgxMzQuanBn/25x25#/H3EuxR.jpg]
[redegogames.itch.io/returngame/_/www.youtube.com/embed/sCjZs15AJa0_]
[i.ytimg.com/vi/sCjZs15AJa0/hqdefault.jpg]
[img.itch.zone/aW1hZ2UyL3VzZXIvODU4NTAxLzkxNDk3NC5qcGc=/25x25#/WP5Vfc.jpg]
[img.itch.zone/aW1hZ2UyL3VzZXIvODM0NjkwLzg4OTk5NS5qcGc=/25x25#/vl97Bw.jpg]
[redegogames.itch.io/returngame/_/www.youtube.com/embed/OKLaqGTEn64_]
[i.ytimg.com/vi/OKLaqGTEn64/hqdefault.jpg]
[img.itch.zone/aW1hZ2UyL3VzZXIvNDA2OTgwLzg4MjgxMC5wbmc=/25x25#/uHEmDj.png]
[redegogames.itch.io/returngame/_/www.youtube.com/embed/BSk0Qy4c1sw_]
[i.ytimg.com/vi/BSk0Qy4c1sw/hqdefault.jpg]
[img.itch.zone/aW1hZ2UyL3VzZXIvNzgwNDI5Lzg2MDQwNy5qcGc=/25x25#/QvHH4S.jpg]
[redegogames.itch.io/returngame/_/www.youtube.com/embed/Becfj5ffPkI_]
[i.ytimg.com/vi/Becfj5ffPkI/hqdefault.jpg]
[redegogames.itch.io/returngame/_/www.youtube.com/embed/VYnBpEE25Lo_]
[i.ytimg.com/vi/VYnBpEE25Lo/hqdefault.jpg]
[img.itch.zone/aW1hZ2UyL3VzZXIvODA2Njk1Lzg3MDg3MS5wbmc=/25x25#/1qE0UP.png]
[redegogames.itch.io/returngame/_/player.vimeo.com/video/239751764_]
[redegogames.itch.io/returngame/_/www.youtube.com/embed/d-WLgUzNy5I_]
[i.ytimg.com/vi/d-WLgUzNy5I/hqdefault.jpg]
[img.itch.zone/aW1hZ2UyL3VzZXIvNDQxNjYzLzUyNjI2Mi5wbmc=/25x25#/pGQ2N6.png]
[redegogames.itch.io/returngame/_/www.youtube.com/embed/AtVEjO_6AIs_]
[i.ytimg.com/vi/AtVEjO_6AIs/hqdefault.jpg]
[img.itch.zone/aW1nLzEwMzQ4OTg5LnBuZw==/25x25#/cLwDQ3.png]
[redegogames.itch.io/returngame/_/www.youtube.com/embed/fRMzaGI_pew_]
[i.ytimg.com/vi/fRMzaGI_pew/hqdefault.jpg]
[img.itch.zone/aW1nLzI3MjAwMTcuanBn/25x25#/PfrEE4.jpg]
[redegogames.itch.io/returngame/_/www.youtube.com/embed/xTrAQb0-hWs_]
[i.ytimg.com/vi/xTrAQb0-hWs/hqdefault.jpg]
[img.itch.zone/aW1nLzY5NjczMzMucG5n/25x25#/Qd2qPP.png]
[redegogames.itch.io/returngame/_/www.youtube.com/embed/EOKtv0nJ8Wg_]
[i.ytimg.com/vi/EOKtv0nJ8Wg/hqdefault.jpg]
[img.itch.zone/aW1hZ2UyL3VzZXIvNDA3NjkxLzU4ODk5Mi5qcGc=/25x25#/1Se8Ka.jpg]
[redegogames.itch.io/returngame/_/www.youtube.com/embed/lgGIfxSDRnA_]
[i.ytimg.com/vi/lgGIfxSDRnA/hqdefault.jpg]
[img.itch.zone/aW1hZ2UyL3VzZXIvNTUxOTY1LzYwMTIxOC5wbmc=/25x25#/cs9s1i.png]
[redegogames.itch.io/returngame/_/www.youtube.com/embed/tkMqxApfvuc_]
[i.ytimg.com/vi/tkMqxApfvuc/hqdefault.jpg]
[redegogames.itch.io/returngame/_/www.youtube.com/embed/yHunqHpKM8s_]
[i.ytimg.com/vi/yHunqHpKM8s/hqdefault.jpg]
[redegogames.itch.io/returngame/_/www.youtube.com/embed/BBamaidB2LM_]
[i.ytimg.com/vi/BBamaidB2LM/hqdefault.jpg]
[redegogames.itch.io/returngame/_/www.youtube.com/embed/17t5r4IFFYY_]
[i.ytimg.com/vi/17t5r4IFFYY/hqdefault.jpg]
[redegogames.itch.io/returngame/_/www.youtube.com/embed/haYREWcW-ac_]
[i.ytimg.com/vi/haYREWcW-ac/hqdefault.jpg]
[redegogames.itch.io/returngame/_/www.youtube.com/embed/I_caysQkTmY_]
[i.ytimg.com/vi/I_caysQkTmY/hqdefault.jpg]
[img.itch.zone/aW1hZ2UyL3VzZXIvNTA0MzU0Lzc5NDUxMy5qcGc=/25x25#/KetQ1D.jpg]
[redegogames.itch.io/returngame/_/www.youtube.com/embed/twAom2hUJL0_]
[i.ytimg.com/vi/twAom2hUJL0/hqdefault.jpg]
[img.itch.zone/aW1hZ2UyL3VzZXIvNTE0MjEvNjgwNDI3LmpwZw==/25x25#/kCw77g.jpg]
[redegogames.itch.io/returngame/_/www.youtube.com/embed/hHhO-V7hKCk_]
[i.ytimg.com/vi/hHhO-V7hKCk/hqdefault.jpg]
[redegogames.itch.io/returngame/_/www.youtube.com/embed/JBqQnIj2D98_]
[i.ytimg.com/vi/JBqQnIj2D98/hqdefault.jpg]
[img.itch.zone/aW1hZ2UyL3VzZXIvNDgxMjA1LzEwNTA1NDMuanBn/25x25#/Ag2PwJ.jpg]
[redegogames.itch.io/returngame/_/www.youtube.com/embed/qD8OkVBw3fg_]
[i.ytimg.com/vi/qD8OkVBw3fg/hqdefault.jpg]
[img.itch.zone/aW1hZ2UyL3VzZXIvNTkwODc4LzgyNjk1Mi5wbmc=/25x25#/CRgorf.png]
[redegogames.itch.io/returngame/_/www.youtube.com/embed/U2z-sNi02jo_]
[i.ytimg.com/vi/U2z-sNi02jo/hqdefault.jpg]
[img.itch.zone/aW1nLzExNDcwMjM0LnBuZw==/25x25#/HZFrO5.png]
[redegogames.itch.io/returngame/_/www.youtube.com/embed/dp4X1Kotat8_]
[i.ytimg.com/vi/dp4X1Kotat8/hqdefault.jpg]
[redegogames.itch.io/returngame/_/www.youtube.com/embed/fnHg91YnvyQ_]
[i.ytimg.com/vi/fnHg91YnvyQ/hqdefault.jpg]
[img.itch.zone/aW1hZ2UyL3VzZXIvMjUwMTEwLzk4ODkwOS5wbmc=/25x25#/GTdhlJ.png]
[img.itch.zone/aW1nLzMzMDg5MTYuanBn/25x25#/J+Ynmt.jpg]
[redegogames.itch.io/returngame/_/www.youtube.com/embed/kdsmDraPQMY_]
[i.ytimg.com/vi/kdsmDraPQMY/hqdefault.jpg]
[img.itch.zone/aW1hZ2UyL3VzZXIvNjY5NDYxLzEzMTEzNDIucG5n/25x25#/gT/6Od.png]
[redegogames.itch.io/returngame/_/www.youtube.com/embed/hfLnVNVXVIg_]
[i.ytimg.com/vi/hfLnVNVXVIg/hqdefault.jpg]
[img.itch.zone/aW1nLzE2NTgzNTEucG5n/25x25#/av6MD5.png]
[redegogames.itch.io/returngame/_/www.youtube.com/embed/f12k7lMCF6o_]
[img.itch.zone/aW1hZ2UyL3VzZXIvNzI4ODA2Lzc4OTM1OS5qcGc=/25x25#/a/hPVx.jpg]
[redegogames.itch.io/returngame/_/www.youtube.com/embed/dDE0xVngbN0_]
[img.itch.zone/aW1hZ2UyL3VzZXIvNTc4MjIvMTE1OTQ4LnBuZw==/25x25#/fDJtxz.png]
[redegogames.itch.io/returngame/_/www.youtube.com/embed/JN8ejugXOTg_]
[i.ytimg.com/vi/JN8ejugXOTg/hqdefault.jpg]
[img.itch.zone/aW1hZ2UyL3VzZXIvNzYyNjMzLzgyNjAxMS5wbmc=/25x25#/A4yRFW.png]
[redegogames.itch.io/returngame/_/www.youtube.com/embed/l7ln8LrIamI_]
[img.itch.zone/aW1hZ2UyL3VzZXIvMjA4MzgzLzM1OTE3Ny5wbmc=/25x25#/iDFIRU.png]
[redegogames.itch.io/returngame/_/www.youtube.com/embed/mx8DrUN68T8_]
[i.ytimg.com/vi/mx8DrUN68T8/hqdefault.jpg]
[img.itch.zone/aW1hZ2UyL3VzZXIvMzQzNzAyLzc0MzgzNS5qcGc=/25x25#/J1rhqa.jpg]
[redegogames.itch.io/returngame/_/www.youtube.com/embed/W85cIp-BPY8_]
[i.ytimg.com/vi/W85cIp-BPY8/hqdefault.jpg]
[img.itch.zone/aW1hZ2UyL3VzZXIvMTMyMTA5LzU1MjQwOC5qcGc=/25x25#/pIYCcY.jpg]
[redegogames.itch.io/returngame/_/www.youtube.com/embed/dmz2RGnrLn0_]
[i.ytimg.com/vi/dmz2RGnrLn0/hqdefault.jpg]
[redegogames.itch.io/returngame/comments2054.html]
[redegogames.itch.io/_/www.youtube.com/embed/2zpQSAxVZjs_.html]
[i.ytimg.com/vi/2zpQSAxVZjs/hqdefault.jpg]
[redegogames.itch.io/_/www.youtube.com/embed/1aCA1v9-Mho_.html]
[redegogames.itch.io/_/www.youtube.com/embed/BUK9EMIxotI_.html]
[redegogames.itch.io/_/www.youtube.com/embed/_SHqaSVNnik_.html]
[redegogames.itch.io/_/www.youtube.com/embed/4DTFklliFxo_.html]
[i.ytimg.com/vi/4DTFklliFxo/hqdefault.jpg]
[redegogames.itch.io/_/www.youtube.com/embed/1-T9t4GrLQM_.html]
[redegogames.itch.io/_/www.youtube.com/embed/LiF5b5vngzI_.html]
[redegogames.itch.io/_/www.youtube.com/embed/HHzXTFY7Q0U_.html]
[redegogames.itch.io/_/www.youtube.com/embed/jbUTM9g7lR8_.html]
[redegogames.itch.io/_/www.youtube.com/embed/QyPG7CEsyes_.html]
[i.ytimg.com/vi/QyPG7CEsyes/hqdefault.jpg]
[img.itch.zone/aW1hZ2UvMTcwNjk4LzUwNTA3NzcuanBn/original/beG+kJ.html]
[static.itch.io/images/play_icon.svg]
[static.itch.io/images/youtube_icon.svg]
[static.itch.io/images/twitch_logo.svg]
[static.itch.io/images/loading.svg]
[static.itch.io/home/leafo/snowrepeat.png]
[static.itch.io/images/snowrepeat.svg]
[static.itch.io/icons/fonts/icomoon053c.svg]
[redegogames.itch.io/static/worker.min.js]
[connect.facebook.net/en_GB/sdk.js]
[redegogames.itch.io/ca.html]
[redegogames.itch.io/POST.html]
[static.itch.io/user703b.css]
[static.itch.io/user.min703b.js]
[img.itch.zone/aW1nLzY0ODkyMDIuanBn/32x32#b/h3k/tL.jpg]
[redegogames.itch.io/return-comic/purchase.html]
[img.itch.zone/aW1hZ2UvMTEyMjI0OC82NDg5MDc4LmpwZw==/original/PJO8EX.jpg]
[img.itch.zone/aW1hZ2UvMTEyMjI0OC82NDg5MDc4LmpwZw==/347x500/erazIM.jpg]
[redegogames.itch.io/return-comic.html]
[redegogames.itch.io/return-comic/embed.json]
[img.itch.zone/aW1nLzY2MzMyMjcuanBn/32x32#/GpLDoj.jpg]
[redegogames.itch.io/return-2/devlog.rss]
[redegogames.itch.io/return-2/devlog.html]
[img.itch.zone/aW1nLzc0MzY2NTUuanBn/original/e02x1F.jpg]
[redegogames.itch.io/return-2/purchase.html]
[img.itch.zone/aW1nLzgwMDEwMzcucG5n/original/tBEilS.png]
[img.itch.zone/aW1nLzU2NDk2NzYucG5n/original/hPBgMu.png]
[img.itch.zone/aW1nLzU2NDk2ODIucG5n/original/n4wPYr.png]
[redegogames.itch.io/return-2/devlog/340522/return-2-runaway-is-out-now.html]
[redegogames.itch.io/return-2/devlog/315611/return-2-runaway-release-date-announcement.html]
[redegogames.itch.io/return-2/devlog/275861/demo-update-v019.html]
[redegogames.itch.io/return-2/devlog/269929/return-2-demo-is-available-now-on-itch.html]
[redegogames.itch.io/return-2/devlog/264339/return-2-runaway-steam-demo-is-available-now.html]
[redegogames.itch.io/return-2/devlog/243457/return-2-runaway-playable-demo-in-june.html]
[img.itch.zone/aW1nLzg3OTQ3NTQucG5n/25x25#/h+9yw5.png]
[redegogames.itch.io/_/www.youtube.com/embed/ocLpfa-Tkw4_]
[i.ytimg.com/vi/ocLpfa-Tkw4/hqdefault.jpg]
[img.itch.zone/aW1nLzExNDQ2NjU2LmpwZw==/25x25#/THb7Xx.jpg]
[img.itch.zone/aW1nLzUyNzMxMTYuanBn/25x25#/OdSFLA.jpg]
[redegogames.itch.io/_/www.youtube.com/embed/j3YExBPUdtw_]
[redegogames.itch.io/_/www.youtube.com/embed/eLg6rGaXS9U_]
[i.ytimg.com/vi/eLg6rGaXS9U/hqdefault.jpg]
[img.itch.zone/aW1nLzc3NTE0NTgucG5n/25x25#/09aQJ1.png]
[redegogames.itch.io/_/www.youtube.com/embed/9YTqYAB-yGI_]
[i.ytimg.com/vi/9YTqYAB-yGI/hqdefault.jpg]
[img.itch.zone/aW1hZ2UvOTg5NzM2LzU2NDk2NjMuanBn/original/ERgBD.jpg]
[img.itch.zone/aW1hZ2UvOTg5NzM2LzU2NDk2NjMuanBn/347x500/vPNnaE.jpg]
[img.itch.zone/aW1hZ2UvOTg5NzM2LzYyODA2MDIucG5n/original/pTf6Ps.png]
[img.itch.zone/aW1hZ2UvOTg5NzM2LzYyODA2MDIucG5n/347x500/Hkkczx.png]
[img.itch.zone/aW1hZ2UvOTg5NzM2LzU2NDk2NjQuanBn/original/2cHXTb.jpg]
[img.itch.zone/aW1hZ2UvOTg5NzM2LzU2NDk2NjQuanBn/347x500/o9vqKJ.jpg]
[img.itch.zone/aW1hZ2UvOTg5NzM2LzYyODA2MDUucG5n/original/Rqlhx6.png]
[img.itch.zone/aW1hZ2UvOTg5NzM2LzYyODA2MDUucG5n/347x500/NS1az0.png]
[img.itch.zone/aW1hZ2UvOTg5NzM2LzU2NDk2NjYuanBn/original/Fm0NmI.jpg]
[img.itch.zone/aW1hZ2UvOTg5NzM2LzU2NDk2NjYuanBn/347x500/UndLaF.jpg]
[img.itch.zone/aW1hZ2UvOTg5NzM2LzYyODA2MDQucG5n/original/wjeom/.png]
[img.itch.zone/aW1hZ2UvOTg5NzM2LzYyODA2MDQucG5n/347x500/dwhmuL.png]
[img.itch.zone/aW1hZ2UvOTg5NzM2LzYyODA2MDMucG5n/original/7wkdcZ.png]
[img.itch.zone/aW1hZ2UvOTg5NzM2LzYyODA2MDMucG5n/347x500/6qGA1P.png]
[img.itch.zone/aW1hZ2UvOTg5NzM2LzU2OTEyNTYuanBn/original/XqybF7.jpg]
[img.itch.zone/aW1hZ2UvOTg5NzM2LzU2OTEyNTYuanBn/347x500/GYzkdk.jpg]
[redegogames.itch.io/return-2.html]
[img.itch.zone/aW1nLzQzMDk0NjEuanBn/200x112#cm/+AuwBy.html]
[static.itch.io/popup703b.css]
[static.itch.io/checkout.min703b.js]
[redegogames.itch.io/returngame/'https_/img.itch.zone/aW1nLzUwNTA3NzEuanBn/315x250#c/fbXrDB.html]
[img.itch.zone/aW1nLzM2MjEzODEucG5n/original/bOx+B2.html]
[redegogames.itch.io/return-2/embed.json]
[redegogames.itch.io/returngame/comments6bd4.html]
[redegogames.itch.io/returngame/_/www.youtube.com/embed/2zpQSAxVZjs_]
[redegogames.itch.io/returngame/_/www.youtube.com/embed/1aCA1v9-Mho_]
[redegogames.itch.io/returngame/_/www.youtube.com/embed/BUK9EMIxotI_]
[redegogames.itch.io/returngame/_/www.youtube.com/embed/_SHqaSVNnik_]
[redegogames.itch.io/returngame/_/www.youtube.com/embed/4DTFklliFxo_]
[redegogames.itch.io/returngame/_/www.youtube.com/embed/1-T9t4GrLQM_]
[redegogames.itch.io/returngame/_/www.youtube.com/embed/LiF5b5vngzI_]
[redegogames.itch.io/returngame/_/www.youtube.com/embed/HHzXTFY7Q0U_]
[redegogames.itch.io/returngame/_/www.youtube.com/embed/jbUTM9g7lR8_]
[redegogames.itch.io/returngame/_/www.youtube.com/embed/QyPG7CEsyes_]
[redegogames.itch.io/returngame/comments13ce.html]
[redegogames.itch.io/returngame/comments.html]
[redegogames.itch.io/returngame/_/www.youtube.com/embed/Pci-bvpx1a8_.html]
[redegogames.itch.io/returngame/_/www.youtube.com/embed/TqIkiWDr-5o_.html]
[redegogames.itch.io/returngame/_/www.youtube.com/embed/PXztzpqDsLA_.html]
[redegogames.itch.io/returngame/_/www.youtube.com/embed/J8cEipmt450_.html]
[redegogames.itch.io/returngame/_/www.youtube.com/embed/AgA6BQCgd4k_.html]
[redegogames.itch.io/returngame/_/www.youtube.com/embed/dHxXIDId_Qg_.html]
[redegogames.itch.io/returngame/_/www.youtube.com/embed/1f6Z-WtaMjM_.html]
[redegogames.itch.io/returngame/_/www.youtube.com/embed/W_LlFgNHgM4_.html]
[redegogames.itch.io/returngame/_/www.youtube.com/embed/nnc47ypKVw8_.html]
[redegogames.itch.io/returngame/_/www.youtube.com/embed/N5bAgs8LvCI_.html]
[redegogames.itch.io/returngame/_/www.youtube.com/embed/e6M7XkiXepQ_.html]
[redegogames.itch.io/returngame/_/www.youtube.com/embed/IodExbptuZY_.html]
[img.itch.zone/aW1nLzE5OTIyNTgucG5n/25x25#/4hP+L5.html]
[redegogames.itch.io/returngame/_/www.youtube.com/embed/6prVsTwOy2U_.html]
[redegogames.itch.io/returngame/_/www.youtube.com/embed/lTCIwAalLJw_.html]
[redegogames.itch.io/returngame/_/www.youtube.com/embed/mFE19vndphQ_.html]
[redegogames.itch.io/returngame/_/www.youtube.com/embed/cqUcBjw1VUo_.html]
[i.ytimg.com/vi/cqUcBjw1VUo/hqdefault.jpg]
[redegogames.itch.io/returngame/commentsb306.html]
[redegogames.itch.io/returngame/_/www.youtube.com/embed/sCjZs15AJa0_.html]
[redegogames.itch.io/returngame/_/www.youtube.com/embed/OKLaqGTEn64_.html]
[redegogames.itch.io/returngame/_/www.youtube.com/embed/BSk0Qy4c1sw_.html]
[redegogames.itch.io/returngame/_/www.youtube.com/embed/Becfj5ffPkI_.html]
[redegogames.itch.io/returngame/_/www.youtube.com/embed/VYnBpEE25Lo_.html]
[redegogames.itch.io/returngame/_/player.vimeo.com/video/239751764_.html]
[redegogames.itch.io/returngame/_/www.youtube.com/embed/d-WLgUzNy5I_.html]
[redegogames.itch.io/returngame/_/www.youtube.com/embed/AtVEjO_6AIs_.html]
[redegogames.itch.io/returngame/_/www.youtube.com/embed/fRMzaGI_pew_.html]
[redegogames.itch.io/returngame/_/www.youtube.com/embed/xTrAQb0-hWs_.html]
[redegogames.itch.io/returngame/_/www.youtube.com/embed/EOKtv0nJ8Wg_.html]
[redegogames.itch.io/returngame/_/www.youtube.com/embed/lgGIfxSDRnA_.html]
[redegogames.itch.io/returngame/_/www.youtube.com/embed/tkMqxApfvuc_.html]
[redegogames.itch.io/returngame/_/www.youtube.com/embed/yHunqHpKM8s_.html]
[redegogames.itch.io/returngame/_/www.youtube.com/embed/BBamaidB2LM_.html]
[redegogames.itch.io/returngame/_/www.youtube.com/embed/17t5r4IFFYY_.html]
[redegogames.itch.io/returngame/_/www.youtube.com/embed/haYREWcW-ac_.html]
[redegogames.itch.io/returngame/_/www.youtube.com/embed/I_caysQkTmY_.html]
[redegogames.itch.io/returngame/_/www.youtube.com/embed/twAom2hUJL0_.html]
[redegogames.itch.io/returngame/_/www.youtube.com/embed/hHhO-V7hKCk_.html]
[redegogames.itch.io/returngame/_/www.youtube.com/embed/JBqQnIj2D98_.html]
[redegogames.itch.io/returngame/_/www.youtube.com/embed/qD8OkVBw3fg_.html]
[img.itch.zone/aW1hZ2UyL3VzZXIvNzYzOTM5LzgzNDMzMi5qcGc=/25x25#/C+B7Ou.html]
[redegogames.itch.io/returngame/_/www.youtube.com/embed/U2z-sNi02jo_.html]
[redegogames.itch.io/returngame/_/www.youtube.com/embed/dp4X1Kotat8_.html]
[redegogames.itch.io/returngame/_/www.youtube.com/embed/fnHg91YnvyQ_.html]
[redegogames.itch.io/returngame/_/www.youtube.com/embed/kdsmDraPQMY_.html]
[redegogames.itch.io/returngame/_/www.youtube.com/embed/hfLnVNVXVIg_.html]
[redegogames.itch.io/returngame/_/www.youtube.com/embed/f12k7lMCF6o_.html]
[i.ytimg.com/vi/f12k7lMCF6o/hqdefault.jpg]
[redegogames.itch.io/returngame/_/www.youtube.com/embed/dDE0xVngbN0_.html]
[i.ytimg.com/vi/dDE0xVngbN0/hqdefault.jpg]
[redegogames.itch.io/returngame/_/www.youtube.com/embed/JN8ejugXOTg_.html]
[redegogames.itch.io/returngame/_/www.youtube.com/embed/l7ln8LrIamI_.html]
[i.ytimg.com/vi/l7ln8LrIamI/hqdefault.jpg]
[redegogames.itch.io/returngame/_/www.youtube.com/embed/mx8DrUN68T8_.html]
[redegogames.itch.io/returngame/_/www.youtube.com/embed/W85cIp-BPY8_.html]
[redegogames.itch.io/returngame/_/www.youtube.com/embed/dmz2RGnrLn0_.html]
[static.itch.io/home/leafo/snowrepeat.html]
[redegogames.itch.io/return-comic/'https_/img.itch.zone/aW1nLzY0ODkyMDIuanBn/315x250#c/d0wMTG.jpg']
[redegogames.itch.io/return-comic/purchase.html]
[img.itch.zone/aW1nLzc0NjIxNTQuanBn/200x112#cm/i4v9gy.png]
[img.itch.zone/aW1nLzY1NTkxNjEuanBn/200x112#cm/57Ku5t.png]
[img.itch.zone/aW1nLzY0MTU3MTMuanBn/200x112#cm/uKADQ6.png]
[img.itch.zone/aW1nLzYyODM4NTYuanBn/200x112#cm/xsPZMP.png]
[img.itch.zone/aW1nLzU2OTEyMDkuanBn/200x112#cm/fgg3Dj.png]
[redegogames.itch.io/return-2/devlog.html]
[redegogames.itch.io/return-2/'https_/img.itch.zone/aW1nLzY2MzMyMjcuanBn/315x250#c/KHp++3.jpg']
[redegogames.itch.io/return-2/purchase.html]
[img.itch.zone/aW1nLzY2MzMyMjcuanBn/original/CuIuUe.jpg]
[img.itch.zone/aW1nLzgwMDEwNTMuanBn/original/te4jHV.jpg]
[img.itch.zone/aW1nLzgwMDEwNTMuanBn/500x/hkuPD0.jpg]
[redegogames.itch.io/return-2/devlog/340522/return-2-runaway-is-out-now.html]
[img.itch.zone/aW1nLzc0NjIxNTYuanBn/original/uSRp2i.jpg]
[img.itch.zone/aW1nLzc0NjIxNTYuanBn/500x/OPMwb1.jpg]
[redegogames.itch.io/return-2/devlog/315611/return-2-runaway-release-date-announcement.html]
[img.itch.zone/aW1nLzY1NTkxNjYuanBn/original/KKzHjU.jpg]
[img.itch.zone/aW1nLzY1NTkxNjYuanBn/500x/RINa13.jpg]
[redegogames.itch.io/return-2/devlog/275861/demo-update-v019.html]
[img.itch.zone/aW1nLzY0MTU2NzcuanBn/original/zvb1i0.jpg]
[img.itch.zone/aW1nLzY0MTU2NzcuanBn/500x/XNDNpC.jpg]
[redegogames.itch.io/return-2/devlog/269929/return-2-demo-is-available-now-on-itch.html]
[redegogames.itch.io/return-2/devlog/264339/return-2-runaway-steam-demo-is-available-now.html]
[img.itch.zone/aW1hZ2UvOTg5NzM2LzU2OTEyNTYuanBn/500x/BXPIur.jpg]
[redegogames.itch.io/return-2/devlog/243457/return-2-runaway-playable-demo-in-june.html]
[redegogames.itch.io/_/www.youtube.com/embed/ocLpfa-Tkw4_.html]
[redegogames.itch.io/_/www.youtube.com/embed/j3YExBPUdtw_.html]
[i.ytimg.com/vi/j3YExBPUdtw/hqdefault.jpg]
[redegogames.itch.io/_/www.youtube.com/embed/eLg6rGaXS9U_.html]
[redegogames.itch.io/_/www.youtube.com/embed/9YTqYAB-yGI_.html]
[redegogames.itch.io/returngame/_/www.youtube.com/embed/2zpQSAxVZjs_.html]
[redegogames.itch.io/returngame/_/www.youtube.com/embed/1aCA1v9-Mho_.html]
[redegogames.itch.io/returngame/_/www.youtube.com/embed/BUK9EMIxotI_.html]
[redegogames.itch.io/returngame/_/www.youtube.com/embed/_SHqaSVNnik_.html]
[redegogames.itch.io/returngame/_/www.youtube.com/embed/4DTFklliFxo_.html]
[redegogames.itch.io/returngame/_/www.youtube.com/embed/1-T9t4GrLQM_.html]
[redegogames.itch.io/returngame/_/www.youtube.com/embed/LiF5b5vngzI_.html]
[redegogames.itch.io/returngame/_/www.youtube.com/embed/HHzXTFY7Q0U_.html]
[redegogames.itch.io/returngame/_/www.youtube.com/embed/jbUTM9g7lR8_.html]
[redegogames.itch.io/returngame/_/www.youtube.com/embed/QyPG7CEsyes_.html]
[redegogames.itch.io/return-comic/'https_/img.itch.zone/aW1nLzY0ODkyMDIuanBn/315x250#c/d0wMTG.html]
[img.itch.zone/aW1nLzgwMDEwNTguanBn/200x112#cm/+zzAXP.html]
[redegogames.itch.io/return-2/'https_/img.itch.zone/aW1nLzY2MzMyMjcuanBn/315x250#c/KHp++3.html]
